
INFO [L:37] Checking code quality by pylint score, 8.0 is minimum to pass
